### sello del worker núcleo
anclado: 4b8fbc56587a251a1f4ab861c9fd25c3b5fd82f4d129c7faf0ef0c285ddec695 
calculado: 4b8fbc56587a251a1f4ab861c9fd25c3b5fd82f4d129c7faf0ef0c285ddec695
### corpus
inicio(ms) 1236 peticiones 151 externas 0 consola 1
consolidado_faseDFinal.json escrito
### casos de la fase D
inicio(ms) 1273 peticiones 32 externas 0 consola 0
FALLOS: 0
### documentos hostiles (no deben bloquear)
e1       OK      90 ms complete
e2       OK     955 ms complete
e3       OK     110 ms complete
e4       OK     521 ms partial
inicio(ms) 1323 peticiones 24 externas 0 consola 0
### casos de la fase C
inicio(ms) 1278 peticiones 39 externas 0 consola 0
FALLOS: 0
### casos de borde (fase B)
inicio(ms) 1262 peticiones 26 externas 0 consola 0
### sin OCR
inicio(ms) 188 peticiones 24 externas 0 consola 0
FALLOS: 0
### base
{
 "nombre": "faseD-base",
 "msArranque": 1492,
 "errorArranque": null,
 "panelInicial": {
  "resumen": "Idiomas del OCR: Español, Catalán, Euskera, Inglés, Francés",
  "aviso": null,
  "marcados": [
   "spa",
   "cat",
   "eus",
   "eng",
   "fra"
  ]
 },
 "panelFinal": {
  "resumen": "Idiomas del OCR: Español, Catalán, Euskera, Inglés, Francés",
  "aviso": null,
  "marcados": [
   "spa",
   "cat",
   "eus",
   "eng",
   "fra"
  ]
 },
 "documentos": [
  {
   "archivo": "png01_factura.png",
   "estado": "complete",
   "ocr": "complete",
   "idiomas": [
    "spa",
    "cat",
    "eus",
    "eng",
    "fra"
   ],
   "total": 1639.07,
   "texto": "",
   "avisos": [
    "OCR_GRID_REMOVED: Antes del OCR se borraron las líneas de la cuadrícula (10 tramo(s) horizontal(es) y 10 vertical(es)) para que no se confundan con letras; las líneas verticales se usan para separar las columnas. El ar",
    "OCR_TABLES_RECONSTRUCTED: Se reconstruyeron 1 tabla(s) a partir de la posición de las palabras del OCR. Son una inferencia: compruébalas con el documento (la confianza de cada tabla tiene en cuenta la del OCR)."
   ]
  },
  {
   "archivo": "pdfE1_factura_escaneada.pdf",
   "estado": "complete",
   "ocr": "complete",
   "idiomas": [
    "spa",
    "cat",
    "eus",
    "eng",
    "fra"
   ],
   "total": 1639.07,
   "texto": "",
   "avisos": [
    "OCR_TABLES_RECONSTRUCTED: Se reconstruyeron 1 tabla(s) a partir de la posición de las palabras del OCR. Son una inferencia: compruébalas con el documento (la confianza de cada tabla tiene en cuenta la del OCR).",
    "OCR_GRID_REMOVED: Antes del OCR se borraron las líneas de la cuadrícula de las tablas para que no se confundan con letras (página(s) 1). El archivo original no se modifica."
   ]
  },
  {
   "archivo": "pdf01_factura_reportlab.pdf",
   "estado": "complete",
   "ocr": "not-needed",
   "idiomas": null,
   "total": 1639.07,
   "texto": "",
   "avisos": [
    "PDF_TABLES_GEOMETRIC_HEURISTIC: Se detectaron 1 tabla(s) mediante alineación geométrica de texto PDF.js."
   ]
  },
  {
   "archivo": "png04_libro_emitidas.png",
   "estado": "complete",
   "ocr": "complete",
   "idiomas": [
    "spa",
    "cat",
    "eus",
    "eng",
    "fra"
   ],
   "total": null,
   "texto": "",
   "avisos": [
    "OCR_GRID_REMOVED: Antes del OCR se borraron las líneas de la cuadrícula (28 tramo(s) horizontal(es) y 20 vertical(es)) para que no se confundan con letras; las líneas verticales se usan para separar las columnas. El ar",
    "OCR_TABLES_RECONSTRUCTED: Se reconstruyeron 1 tabla(s) a partir de la posición de las palabras del OCR. Son una inferencia: compruébalas con el documento (la confianza de cada tabla tiene en cuenta la del OCR)."
   ]
  },
  {
   "archivo": "jpx_escaneada.pdf",
   "estado": "complete",
   "ocr": "complete",
   "idiomas": [
    "spa",
    "cat",
    "eus",
    "eng",
    "fra"
   ],
   "total": 1639.07,
   "texto": "",
   "avisos": [
    "OCR_TABLES_RECONSTRUCTED: Se reconstruyeron 1 tabla(s) a partir de la posición de las palabras del OCR. Son una inferencia: compruébalas con el documento (la confianza de cada tabla tiene en cuenta la del OCR).",
    "OCR_GRID_REMOVED: Antes del OCR se borraron las líneas de la cuadrícula de las tablas para que no se confundan con letras (página(s) 1). El archivo original no se modifica."
   ]
  },
  {
   "archivo": "cmap_chino.pdf",
   "estado": "complete",
   "ocr": "not-needed",
   "idiomas": null,
   "total": null,
   "texto": "",
   "avisos": []
  },
  {
   "archivo": "pdf09_mixto_sello_digital_mas_imagen.pdf",
   "estado": "complete",
   "ocr": "complete",
   "idiomas": [
    "spa",
    "cat",
    "eus",
    "eng",
    "fra"
   ],
   "total": 1639.07,
   "texto": "",
   "avisos": [
    "OCR_TABLES_RECONSTRUCTED: Se reconstruyeron 1 tabla(s) a partir de la posición de las palabras del OCR. Son una inferencia: compruébalas con el documento (la confianza de cada tabla tiene en cuenta la del OCR).",
    "PDF_MIXED_PAGE_OCR: La página 1 combina una imagen (38 % de la página) con poco texto digital: además del texto digital, se ha leído la imagen con OCR (bloques ocr-text).",
    "OCR_GRID_REMOVED: Antes del OCR se borraron las líneas de la cuadrícula de las tablas para que no se confundan con letras (página(s) 1). El archivo original no se modifica."
   ]
  },
  {
   "archivo": "pdf10_texto_oculto.pdf",
   "estado": "complete",
   "ocr": "not-needed",
   "idiomas": null,
   "total": 1639.07,
   "texto": "",
   "avisos": [
    "PDF_TABLES_GEOMETRIC_HEURISTIC: Se detectaron 1 tabla(s) mediante alineación geométrica de texto PDF.js.",
    "PDF_HIDDEN_TEXT: 2 fragmento(s) de texto no se ven en la(s) página(s) 1 (texto blanco sin fondo de color, modo de dibujo invisible (Tr 3 o 7)). Se conservan, pero se marcan en seguridad_contenido: un texto invisible p"
   ]
  },
  {
   "archivo": "docx06_texto_oculto.docx",
   "estado": "complete",
   "ocr": "not-requested",
   "idiomas": null,
   "total": null,
   "texto": "",
   "avisos": []
  },
  {
   "archivo": "html05_texto_oculto.html",
   "estado": "complete",
   "ocr": "not-requested",
   "idiomas": null,
   "total": 1639.07,
   "texto": "",
   "avisos": []
  }
 ],
 "pwned": null,
 "paquetes": [
  "pdfjs-6.2.108-legacy-pdf.mjs.paquete.js",
  "pdfjs-6.2.108-legacy-pdf.worker.mjs.paquete.js",
  "tesseract-7.0.0.min.js.paquete.js",
  "tesseract-7.0.0-worker.min.js.paquete.js",
  "tesseract-core-7.0.0-simd-lstm.wasm.js.paquete.js",
  "tessdata-spa.traineddata.gz.paquete.js",
  "tessdata-cat.traineddata.gz.paquete.js",
  "tessdata-eus.traineddata.gz.paquete.js",
  "tessdata-eng.traineddata.gz.paquete.js",
  "tessdata-fra.traineddata.gz.paquete.js",
  "pdfjs-6.2.108-legacy-fuentes.paquete.js",
  "pdfjs-6.2.108-legacy-wasm.paquete.js",
  "pdfjs-6.2.108-legacy-cmaps.paquete.js"
 ],
 "externas": [],
 "consola": []
}
### alt-pdf
{
 "nombre": "faseD-alt-pdf",
 "msArranque": 295,
 "errorArranque": "El analizador no se ha iniciado\nNo se pudo cargar PDF.js LOCAL 6.2.108: Integridad fallida en vendor/pdfjs-legacy/build/pdf.mjs: el contenido de vendor-paquetes/pdfjs-6.2.108-legacy-pdf.mjs.paquete.js no coincide con el SHA-256 del archivo oficial.\nNo se ha procesado ningún archivo. Corrige la causa indicada y recarga la página.",
 "pwned": null,
 "paquetes": [
  "pdfjs-6.2.108-legacy-pdf.mjs.paquete.js",
  "pdfjs-6.2.108-legacy-pdf.worker.mjs.paquete.js",
  "tesseract-7.0.0.min.js.paquete.js",
  "tesseract-7.0.0-worker.min.js.paquete.js",
  "tesseract-core-7.0.0-simd-lstm.wasm.js.paquete.js",
  "tessdata-spa.traineddata.gz.paquete.js",
  "tessdata-cat.traineddata.gz.paquete.js",
  "tessdata-eus.traineddata.gz.paquete.js",
  "tessdata-eng.traineddata.gz.paquete.js",
  "tessdata-fra.traineddata.gz.paquete.js"
 ],
 "externas": [],
 "consola": []
}
### alt-analizador
{
 "nombre": "faseD-alt-analizador",
 "msArranque": 281,
 "errorArranque": "El analizador no se ha iniciado\nEl worker núcleo incrustado no coincide con su SHA-256 (SHA256_WORKER_NUCLEO): el archivo se ha modificado.\nNo se ha procesado ningún archivo. Corrige la causa indicada y recarga la página.",
 "pwned": null,
 "paquetes": [
  "pdfjs-6.2.108-legacy-pdf.mjs.paquete.js",
  "pdfjs-6.2.108-legacy-pdf.worker.mjs.paquete.js",
  "tesseract-7.0.0.min.js.paquete.js",
  "tesseract-7.0.0-worker.min.js.paquete.js",
  "tesseract-core-7.0.0-simd-lstm.wasm.js.paquete.js",
  "tessdata-spa.traineddata.gz.paquete.js",
  "tessdata-cat.traineddata.gz.paquete.js",
  "tessdata-eus.traineddata.gz.paquete.js",
  "tessdata-eng.traineddata.gz.paquete.js",
  "tessdata-fra.traineddata.gz.paquete.js"
 ],
 "externas": [],
 "consola": []
}
### cola
{
 "nombre": "faseD-cola",
 "msArranque": 1538,
 "errorArranque": null,
 "panelInicial": {
  "resumen": "Idiomas del OCR: Español, Catalán, Euskera, Inglés, Francés",
  "aviso": null,
  "marcados": [
   "spa",
   "cat",
   "eus",
   "eng",
   "fra"
  ]
 },
 "panelFinal": {
  "resumen": "Idiomas del OCR: Español, Catalán, Euskera, Inglés, Francés",
  "aviso": null,
  "marcados": [
   "spa",
   "cat",
   "eus",
   "eng",
   "fra"
  ]
 },
 "documentos": [
  {
   "archivo": "png01_factura.png",
   "estado": "complete",
   "ocr": "complete",
   "idiomas": [
    "spa",
    "cat",
    "eus",
    "eng",
    "fra"
   ],
   "total": 1639.07,
   "texto": "",
   "avisos": [
    "OCR_GRID_REMOVED: Antes del OCR se borraron las líneas de la cuadrícula (10 tramo(s) horizontal(es) y 10 vertical(es)) para que no se confundan con letras; las líneas verticales se usan para separar las columnas. El ar",
    "OCR_TABLES_RECONSTRUCTED: Se reconstruyeron 1 tabla(s) a partir de la posición de las palabras del OCR. Son una inferencia: compruébalas con el documento (la confianza de cada tabla tiene en cuenta la del OCR)."
   ]
  },
  {
   "archivo": "pdfE1_factura_escaneada.pdf",
   "estado": "complete",
   "ocr": "complete",
   "idiomas": [
    "spa",
    "cat",
    "eus",
    "eng",
    "fra"
   ],
   "total": 1639.07,
   "texto": "",
   "avisos": [
    "OCR_TABLES_RECONSTRUCTED: Se reconstruyeron 1 tabla(s) a partir de la posición de las palabras del OCR. Son una inferencia: compruébalas con el documento (la confianza de cada tabla tiene en cuenta la del OCR).",
    "OCR_GRID_REMOVED: Antes del OCR se borraron las líneas de la cuadrícula de las tablas para que no se confundan con letras (página(s) 1). El archivo original no se modifica."
   ]
  },
  {
   "archivo": "pdf01_factura_reportlab.pdf",
   "estado": "complete",
   "ocr": "not-needed",
   "idiomas": null,
   "total": 1639.07,
   "texto": "",
   "avisos": [
    "PDF_TABLES_GEOMETRIC_HEURISTIC: Se detectaron 1 tabla(s) mediante alineación geométrica de texto PDF.js."
   ]
  },
  {
   "archivo": "png04_libro_emitidas.png",
   "estado": "complete",
   "ocr": "complete",
   "idiomas": [
    "spa",
    "cat",
    "eus",
    "eng",
    "fra"
   ],
   "total": null,
   "texto": "",
   "avisos": [
    "OCR_GRID_REMOVED: Antes del OCR se borraron las líneas de la cuadrícula (28 tramo(s) horizontal(es) y 20 vertical(es)) para que no se confundan con letras; las líneas verticales se usan para separar las columnas. El ar",
    "OCR_TABLES_RECONSTRUCTED: Se reconstruyeron 1 tabla(s) a partir de la posición de las palabras del OCR. Son una inferencia: compruébalas con el documento (la confianza de cada tabla tiene en cuenta la del OCR)."
   ]
  }
 ],
 "pwned": null,
 "paquetes": [
  "pdfjs-6.2.108-legacy-pdf.mjs.paquete.js",
  "pdfjs-6.2.108-legacy-pdf.worker.mjs.paquete.js",
  "tesseract-7.0.0.min.js.paquete.js",
  "tesseract-7.0.0-worker.min.js.paquete.js",
  "tesseract-core-7.0.0-simd-lstm.wasm.js.paquete.js",
  "tessdata-spa.traineddata.gz.paquete.js",
  "tessdata-cat.traineddata.gz.paquete.js",
  "tessdata-eus.traineddata.gz.paquete.js",
  "tessdata-eng.traineddata.gz.paquete.js",
  "tessdata-fra.traineddata.gz.paquete.js",
  "pdfjs-6.2.108-legacy-fuentes.paquete.js"
 ],
 "externas": [],
 "consola": []
}
### nav-sin-simd
{
 "nombre": "faseD-nav-sin-simd",
 "msArranque": 1545,
 "errorArranque": null,
 "panelInicial": {
  "resumen": "Idiomas del OCR: Español, Catalán, Euskera, Inglés, Francés",
  "aviso": null,
  "marcados": [
   "spa",
   "cat",
   "eus",
   "eng",
   "fra"
  ]
 },
 "panelFinal": {
  "resumen": "Idiomas del OCR: Español, Catalán, Euskera, Inglés, Francés",
  "aviso": null,
  "marcados": [
   "spa",
   "cat",
   "eus",
   "eng",
   "fra"
  ]
 },
 "documentos": [
  {
   "archivo": "png04_libro_emitidas.png",
   "estado": "complete",
   "ocr": "complete",
   "idiomas": [
    "spa",
    "cat",
    "eus",
    "eng",
    "fra"
   ],
   "total": null,
   "texto": "",
   "avisos": [
    "OCR_GRID_REMOVED: Antes del OCR se borraron las líneas de la cuadrícula (28 tramo(s) horizontal(es) y 20 vertical(es)) para que no se confundan con letras; las líneas verticales se usan para separar las columnas. El ar",
    "OCR_TABLES_RECONSTRUCTED: Se reconstruyeron 1 tabla(s) a partir de la posición de las palabras del OCR. Son una inferencia: compruébalas con el documento (la confianza de cada tabla tiene en cuenta la del OCR)."
   ]
  }
 ],
 "pwned": null,
 "paquetes": [
  "pdfjs-6.2.108-legacy-pdf.mjs.paquete.js",
  "pdfjs-6.2.108-legacy-pdf.worker.mjs.paquete.js",
  "tesseract-7.0.0.min.js.paquete.js",
  "tesseract-7.0.0-worker.min.js.paquete.js",
  "tesseract-core-7.0.0-simd-lstm.wasm.js.paquete.js",
  "tessdata-spa.traineddata.gz.paquete.js",
  "tessdata-cat.traineddata.gz.paquete.js",
  "tessdata-eus.traineddata.gz.paquete.js",
  "tessdata-eng.traineddata.gz.paquete.js",
  "tessdata-fra.traineddata.gz.paquete.js",
  "tesseract-core-7.0.0-lstm.wasm.js.paquete.js"
 ],
 "externas": [],
 "consola": []
}
### sin-ocr
{
 "nombre": "faseD-sin-ocr",
 "msArranque": 282,
 "errorArranque": null,
 "panelInicial": {
  "resumen": "OCR (imágenes y PDF escaneados): desactivado",
  "aviso": null,
  "marcados": []
 },
 "panelFinal": {
  "resumen": "OCR (imágenes y PDF escaneados): desactivado",
  "aviso": null,
  "marcados": []
 },
 "documentos": [
  {
   "archivo": "png01_factura.png",
   "estado": "partial",
   "ocr": "not-requested",
   "idiomas": null,
   "total": null,
   "texto": "",
   "avisos": [
    "IMAGE_OCR_DISABLED: El OCR está desactivado: no se ha leído el texto de la imagen y su contenido no está incluido."
   ]
  },
  {
   "archivo": "pdfE1_factura_escaneada.pdf",
   "estado": "partial",
   "ocr": "not-requested",
   "idiomas": null,
   "total": null,
   "texto": "",
   "avisos": [
    "PDF_PAGE_WITHOUT_TEXT: La página 1 no tiene texto digital suficiente y el OCR está desactivado; su contenido puede no estar incluido."
   ]
  },
  {
   "archivo": "pdf01_factura_reportlab.pdf",
   "estado": "complete",
   "ocr": "not-requested",
   "idiomas": null,
   "total": 1639.07,
   "texto": "",
   "avisos": [
    "PDF_TABLES_GEOMETRIC_HEURISTIC: Se detectaron 1 tabla(s) mediante alineación geométrica de texto PDF.js."
   ]
  },
  {
   "archivo": "png04_libro_emitidas.png",
   "estado": "partial",
   "ocr": "not-requested",
   "idiomas": null,
   "total": null,
   "texto": "",
   "avisos": [
    "IMAGE_OCR_DISABLED: El OCR está desactivado: no se ha leído el texto de la imagen y su contenido no está incluido."
   ]
  },
  {
   "archivo": "pdf09_mixto_sello_digital_mas_imagen.pdf",
   "estado": "partial",
   "ocr": "not-requested",
   "idiomas": null,
   "total": null,
   "texto": "",
   "avisos": [
    "PDF_PAGE_IMAGE_WITHOUT_OCR: La página 1 tiene una imagen que ocupa el 38 % de la página y casi no tiene texto digital (p. ej., un escaneo con un sello o un CSV añadido). Con el OCR desactivado, el contenido de la imagen no está "
   ]
  }
 ],
 "pwned": null,
 "paquetes": [
  "pdfjs-6.2.108-legacy-pdf.mjs.paquete.js",
  "pdfjs-6.2.108-legacy-pdf.worker.mjs.paquete.js",
  "pdfjs-6.2.108-legacy-fuentes.paquete.js"
 ],
 "externas": [],
 "consola": []
}
### demo
{
 "sinArrancarVisible": false,
 "origen": "Abierto como archivo local (sin servidor)",
 "segundos": 1.3,
 "mensaje": "Listo: 16 línea(s) en 0,9 s · confianza media 91 %.",
 "motor": "Motor OCR: Tesseract.js local · español (spa) · verificado",
 "texto": "Número de factura: A-2025/0157\nFecha de expedición: 14/03/2025\nEmisor: Construcciones Muñoz Ibáñez, S.L.\nNIF emisor: B12345674\nDomicilio: C/ Mayor 12, 28013 Madrid\nCliente: Talleres Peña Gutiérrez, S.A.\nNIF cliente: A58818501\nDomicilio cliente: Avda. de la Constitución 45, 41001 Sevilla\n[cometo | Cantidad] — precio] importe]\nReparación de cubierta 850,00 850,00\nSustitución de canalón (m) 32,05 384",
 "redResumen": "0 recurso(s) pedidos por la página · peticiones externas: 0 · intentos bloqueados por la CSP: 0 · abierta como archivo: los archivos locales no figuran en esta lista; la CSP (connect-src 'none') impide cualquier petición de red",
 "csp": "",
 "peticiones": [
  "file://…/base/demo-ocr.html",
  "file://…/base/demo-ocr.css",
  "file://…/vendor-paquetes/tesseract-7.0.0.min.js.paquete.js",
  "file://…/vendor-paquetes/tesseract-7.0.0-worker.min.js.paquete.js",
  "file://…/vendor-paquetes/tesseract-core-7.0.0-simd-lstm.wasm.js.p",
  "file://…/vendor-paquetes/tessdata-spa.traineddata.gz.paquete.js",
  "file://…/base/analizador-archivos.js",
  "file://…/base/demo-ocr.js",
  "blob:null/b22afaab-278d-41c6-9e66-14a5586efe59",
  "blob:null/9c4aae63-f091-4360-903a-afa81bb1f59f"
 ],
 "consola": []
}
### tiempos
fase C (file://)             [1497,"87 MB",1492,"87 MB",1549,"87 MB",1514,"87 MB",1513,"87 MB"]
fase D (file://)             [1492,"87 MB",1533,"87 MB",1533,"87 MB",1465,"87 MB",1473,"87 MB"]
### memoria
fase C (file://)             antes de GC 87 MB · tras GC 60 MB · cola pendiente: []
fase D (file://)             antes de GC 87 MB · tras GC 60 MB · cola pendiente: []
### FIN
