### corpus
inicio(ms) 1768 peticiones 151 externas 0 consola 1
### casos de borde
inicio(ms) 1245 peticiones 26 externas 0 consola 0
### casos fase C
inicio(ms) 1265 peticiones 39 externas 0 consola 0
c4r90 · Factura vertical con /Rotate 90: se muestra girada; el texto va en horizontal en el contenido
  ✅ 12/12 líneas o párrafos presentes
  ✅ en orden de lectura
  ✅ importes.inferidos.base_imponible = 1354.6 (leído: 1354.6)
  ✅ importes.inferidos.cuota_iva = 284.47 (leído: 284.47)
  ✅ importes.inferidos.total = 1639.07 (leído: 1639.07)
  ✅ aviso PDF_PAGE_READ_IN_TEXT_ORIENTATION
c4r270 · Factura vertical con /Rotate 270: se muestra girada; el texto va en horizontal en el contenido
  ✅ 12/12 líneas o párrafos presentes
  ✅ en orden de lectura
  ✅ importes.inferidos.base_imponible = 1354.6 (leído: 1354.6)
  ✅ importes.inferidos.cuota_iva = 284.47 (leído: 284.47)
  ✅ importes.inferidos.total = 1639.07 (leído: 1639.07)
  ✅ aviso PDF_PAGE_READ_IN_TEXT_ORIENTATION
c4ap · Página apaisada: /Rotate 90 con el contenido girado (se lee derecha en pantalla)
  ✅ 12/12 líneas o párrafos presentes
  ✅ en orden de lectura
  ✅ importes.inferidos.base_imponible = 1354.6 (leído: 1354.6)
  ✅ importes.inferidos.cuota_iva = 284.47 (leído: 284.47)
  ✅ importes.inferidos.total = 1639.07 (leído: 1639.07)
  ✅ sin el aviso PDF_PAGE_READ_IN_TEXT_ORIENTATION
c3ct · Título, dos columnas de texto y una tabla a todo lo ancho debajo
  ✅ 7/7 líneas o párrafos presentes
  ✅ en orden de lectura
  ✅ tabla con ≥ 5 filas ([5])
  ✅ celda '2025/0103' en una tabla
  ✅ celda '14.938,26' en una tabla
  ✅ aviso PDF_COLUMNS_DETECTED
c3dl · Factura con los bloques de emisor y cliente uno al lado del otro
  ✅ línea entera: 'Emisor: Construcciones Muñoz Ibáñez, S.L.'
  ✅ línea entera: 'Cliente: Talleres Peña Gutiérrez, S.A.'
  ✅ línea entera: 'NIF emisor: B12345674'
  ✅ línea entera: 'NIF cliente: A58818501'
  ✅ importes.inferidos.base_imponible = 1354.6 (leído: 1354.6)
  ✅ importes.inferidos.cuota_iva = 284.47 (leído: 284.47)
  ✅ importes.inferidos.total = 1639.07 (leído: 1639.07)
  ✅ celda 'Sustitución de canalón (m)' en una tabla
  ✅ celda '384,60' en una tabla
c3uc · Carta a una columna con la fecha alineada a la derecha: no hay columnas
  ✅ 6/6 líneas o párrafos presentes
  ✅ en orden de lectura
  ✅ sin el aviso PDF_COLUMNS_DETECTED
c1w · Tabla de Word con gridSpan, vMerge y gridBefore
  ✅ fila 1: ['Cliente', 'Concepto', 'Importes', None, 'Nota'] (leída: ['Cliente', 'Concepto', 'Importes', None, 'Nota'])
  ✅ fila 2: ['Ferretería Núñez', 'Material', '100,00', '21,00', 'ok'] (leída: ['Ferretería Núñez', 'Material', '100,00', '21,00', 'ok'])
  ✅ fila 3: ['Ferretería Núñez', 'Portes', '10,00', '2,10', 'revisar'] (leída: ['Ferretería Núñez', 'Portes', '10,00', '2,10', 'revisar'])
  ✅ fila 4: ['Subtotal', None, '110,00', '23,10', None] (leída: ['Subtotal', None, '110,00', '23,10', None])
  ✅ fila 5: [None, None, None, '1.633,50', 'fin'] (leída: [None, None, None, '1.633,50', 'fin'])
  ✅ fila 3 col 1: combinada_desde = 2
  ✅ aviso DOCX_MERGED_CELLS_EXPANDED
c2h · Factura HTML con base, IVA y total en una tabla de dos columnas
  ✅ importes.inferidos.base_imponible = 1354.6 (leído: 1354.6)
  ✅ importes.inferidos.cuota_iva = 284.47 (leído: 284.47)
  ✅ importes.inferidos.total = 1639.07 (leído: 1639.07)
c5f · Fragmento HTML (empieza por <div>) con filas onclick, un script y una instrucción inyectada
  ✅ contiene 'Transferencia recibida Ferretería Núñez'
  ✅ contiene 'Recibo suministro eléctrico'
  ✅ contiene '-108,78'
  ✅ no contiene 'document.title'
  ✅ instrucción inyectada detectada
  ✅ aviso HTML_FRAGMENT
c5t · El mismo fragmento con extensión .txt: no se acepta como HTML
  ✅ rechazado con mensaje: 'FORMATO NO ADMITIDO.\n\nLos archivos .csv, .xml, .txt, .rtf, .json, .zip'
FALLOS: 0
### sin OCR
inicio(ms) 179 peticiones 24 externas 0 consola 0
b3x1 · XLSX con referencias mixtas
  ✅ A1 = 'Concepto' (leído: 'Concepto')
  ✅ B1 = 'Importe' (leído: 'Importe')
  ✅ A2 = 'Uno' (leído: 'Uno')
  ✅ B2 = '10' (leído: '10')
  ✅ C5 = 'x' (leído: 'x')
  ✅ D5 = '7' (leído: '7')
  ✅ A6 = 'Fin' (leído: 'Fin')
  ✅ aviso XLSX_IMPLICIT_CELL_POSITIONS
  ✅ aviso XLSX_INVALID_CELL_REFERENCES
  ✅ estado partial (leído: partial)
  ✅ la celda con referencia no válida no se coloca en ningún sitio
b2h1 · HTML con rowspan y colspan
  ✅ fila 1: ['Grupo', 'Concepto', 'Importe y tipo', None, 'Nota'] (leída: ['Grupo', 'Concepto', 'Importe y tipo', None, 'Nota'])
  ✅ fila 2: ['G1', 'Alfa', '100,00', '21', 'revisar'] (leída: ['G1', 'Alfa', '100,00', '21', 'revisar'])
  ✅ fila 3: ['G1', 'Beta', '50,00 (exento)', None, 'revisar'] (leída: ['G1', 'Beta', '50,00 (exento)', None, 'revisar'])
  ✅ fila 4: ['G1', 'Gamma', '50,00 (exento)', None, 'ok'] (leída: ['G1', 'Gamma', '50,00 (exento)', None, 'ok'])
  ✅ fila 5: ['G2', 'Delta', '7,00', '10', 'ok'] (leída: ['G2', 'Delta', '7,00', '10', 'ok'])
  ✅ fila 3 col 1: combinada_desde = 2
  ✅ fila 4 col 1: combinada_desde = 2
  ✅ fila 3 col 5: combinada_desde = 2
  ✅ fila 4 col 3: combinada_desde = 3
  ✅ solo las celdas repetidas llevan combinada_desde
  ✅ aviso HTML_ROWSPAN_EXPANDED
b1p1 · PDF digital con mucho texto y una imagen grande sin texto
  ✅ sin OCR (ocr.used = False)
  ✅ 0 bloques ocr-text (leídos: 0)
  ✅ no se trata como página mixta
b1p2 · Escaneo con capa de texto invisible (PDF buscable): no necesita OCR
  ✅ sin OCR (ocr.used = False)
  ✅ 0 bloques ocr-text (leídos: 0)
  ✅ no se trata como página mixta
pdf09 con el OCR desactivado
  ✅ aviso PDF_PAGE_IMAGE_WITHOUT_OCR
  ✅ estado partial (leído: partial)
png01 con el OCR desactivado
  ✅ aviso IMAGE_OCR_DISABLED
  ✅ estado partial (leído: partial)
FALLOS: 0
### base
{
 "nombre": "faseC-base",
 "msArranque": 1521,
 "errorArranque": null,
 "panelInicial": {
  "resumen": "Idiomas del OCR: Español, Catalán, Euskera, Inglés, Francés",
  "aviso": null,
  "marcados": [
   "spa",
   "cat",
   "eus",
   "eng",
   "fra"
  ]
 },
 "panelFinal": {
  "resumen": "Idiomas del OCR: Español, Catalán, Euskera, Inglés, Francés",
  "aviso": null,
  "marcados": [
   "spa",
   "cat",
   "eus",
   "eng",
   "fra"
  ]
 },
 "documentos": [
  {
   "archivo": "png01_factura.png",
   "estado": "complete",
   "ocr": "complete",
   "idiomas": [
    "spa",
    "cat",
    "eus",
    "eng",
    "fra"
   ],
   "total": 1639.07,
   "texto": "",
   "avisos": [
    "OCR_GRID_REMOVED: Antes del OCR se borraron las líneas de la cuadrícula (10 tramo(s) horizontal(es) y 10 vertical(es)) para que no se confundan con letras; las líneas verticales se usan para separar las columnas. El ar",
    "OCR_TABLES_RECONSTRUCTED: Se reconstruyeron 1 tabla(s) a partir de la posición de las palabras del OCR. Son una inferencia: compruébalas con el documento (la confianza de cada tabla tiene en cuenta la del OCR)."
   ]
  },
  {
   "archivo": "pdfE1_factura_escaneada.pdf",
   "estado": "complete",
   "ocr": "complete",
   "idiomas": [
    "spa",
    "cat",
    "eus",
    "eng",
    "fra"
   ],
   "total": 1639.07,
   "texto": "",
   "avisos": [
    "OCR_TABLES_RECONSTRUCTED: Se reconstruyeron 1 tabla(s) a partir de la posición de las palabras del OCR. Son una inferencia: compruébalas con el documento (la confianza de cada tabla tiene en cuenta la del OCR).",
    "OCR_GRID_REMOVED: Antes del OCR se borraron las líneas de la cuadrícula de las tablas para que no se confundan con letras (página(s) 1). El archivo original no se modifica."
   ]
  },
  {
   "archivo": "pdf01_factura_reportlab.pdf",
   "estado": "complete",
   "ocr": "not-needed",
   "idiomas": null,
   "total": 1639.07,
   "texto": "",
   "avisos": [
    "PDF_TABLES_GEOMETRIC_HEURISTIC: Se detectaron 1 tabla(s) mediante alineación geométrica de texto PDF.js."
   ]
  },
  {
   "archivo": "png04_libro_emitidas.png",
   "estado": "complete",
   "ocr": "complete",
   "idiomas": [
    "spa",
    "cat",
    "eus",
    "eng",
    "fra"
   ],
   "total": null,
   "texto": "",
   "avisos": [
    "OCR_GRID_REMOVED: Antes del OCR se borraron las líneas de la cuadrícula (28 tramo(s) horizontal(es) y 20 vertical(es)) para que no se confundan con letras; las líneas verticales se usan para separar las columnas. El ar",
    "OCR_TABLES_RECONSTRUCTED: Se reconstruyeron 1 tabla(s) a partir de la posición de las palabras del OCR. Son una inferencia: compruébalas con el documento (la confianza de cada tabla tiene en cuenta la del OCR)."
   ]
  },
  {
   "archivo": "jpx_escaneada.pdf",
   "estado": "complete",
   "ocr": "complete",
   "idiomas": [
    "spa",
    "cat",
    "eus",
    "eng",
    "fra"
   ],
   "total": 1639.07,
   "texto": "",
   "avisos": [
    "OCR_TABLES_RECONSTRUCTED: Se reconstruyeron 1 tabla(s) a partir de la posición de las palabras del OCR. Son una inferencia: compruébalas con el documento (la confianza de cada tabla tiene en cuenta la del OCR).",
    "OCR_GRID_REMOVED: Antes del OCR se borraron las líneas de la cuadrícula de las tablas para que no se confundan con letras (página(s) 1). El archivo original no se modifica."
   ]
  },
  {
   "archivo": "cmap_chino.pdf",
   "estado": "complete",
   "ocr": "not-needed",
   "idiomas": null,
   "total": null,
   "texto": "",
   "avisos": []
  },
  {
   "archivo": "pdf09_mixto_sello_digital_mas_imagen.pdf",
   "estado": "complete",
   "ocr": "complete",
   "idiomas": [
    "spa",
    "cat",
    "eus",
    "eng",
    "fra"
   ],
   "total": 1639.07,
   "texto": "",
   "avisos": [
    "OCR_TABLES_RECONSTRUCTED: Se reconstruyeron 1 tabla(s) a partir de la posición de las palabras del OCR. Son una inferencia: compruébalas con el documento (la confianza de cada tabla tiene en cuenta la del OCR).",
    "PDF_MIXED_PAGE_OCR: La página 1 combina una imagen (38 % de la página) con poco texto digital: además del texto digital, se ha leído la imagen con OCR (bloques ocr-text).",
    "OCR_GRID_REMOVED: Antes del OCR se borraron las líneas de la cuadrícula de las tablas para que no se confundan con letras (página(s) 1). El archivo original no se modifica."
   ]
  },
  {
   "archivo": "pdf05_dos_columnas.pdf",
   "estado": "complete",
   "ocr": "not-needed",
   "idiomas": null,
   "total": null,
   "texto": "",
   "avisos": [
    "PDF_COLUMNS_DETECTED: La(s) página(s) 1 tienen el texto en columnas: se han leído columna a columna (los títulos a todo lo ancho y las filas de tabla se mantienen en su sitio)."
   ]
  },
  {
   "archivo": "docx08_celdas_combinadas.docx",
   "estado": "complete",
   "ocr": "not-requested",
   "idiomas": null,
   "total": null,
   "texto": "",
   "avisos": []
  },
  {
   "archivo": "html08_fragmento_tabla.html",
   "estado": "complete",
   "ocr": "not-requested",
   "idiomas": null,
   "total": null,
   "texto": "",
   "avisos": []
  }
 ],
 "pwned": null,
 "paquetes": [
  "pdfjs-6.2.108-legacy-pdf.mjs.paquete.js",
  "pdfjs-6.2.108-legacy-pdf.worker.mjs.paquete.js",
  "tesseract-7.0.0.min.js.paquete.js",
  "tesseract-7.0.0-worker.min.js.paquete.js",
  "tesseract-core-7.0.0-simd-lstm.wasm.js.paquete.js",
  "tessdata-spa.traineddata.gz.paquete.js",
  "tessdata-cat.traineddata.gz.paquete.js",
  "tessdata-eus.traineddata.gz.paquete.js",
  "tessdata-eng.traineddata.gz.paquete.js",
  "tessdata-fra.traineddata.gz.paquete.js",
  "pdfjs-6.2.108-legacy-fuentes.paquete.js",
  "pdfjs-6.2.108-legacy-wasm.paquete.js",
  "pdfjs-6.2.108-legacy-cmaps.paquete.js"
 ],
 "externas": [],
 "consola": []
}
### alt-pdf
{
 "nombre": "faseC-alt-pdf",
 "msArranque": 279,
 "errorArranque": "El analizador no se ha iniciado\nNo se pudo cargar PDF.js LOCAL 6.2.108: Integridad fallida en vendor/pdfjs-legacy/build/pdf.mjs: el contenido de vendor-paquetes/pdfjs-6.2.108-legacy-pdf.mjs.paquete.js no coincide con el SHA-256 del archivo oficial.\nNo se ha procesado ningún archivo. Corrige la causa indicada y recarga la página.",
 "pwned": null,
 "paquetes": [
  "pdfjs-6.2.108-legacy-pdf.mjs.paquete.js",
  "pdfjs-6.2.108-legacy-pdf.worker.mjs.paquete.js",
  "tesseract-7.0.0.min.js.paquete.js",
  "tesseract-7.0.0-worker.min.js.paquete.js",
  "tesseract-core-7.0.0-simd-lstm.wasm.js.paquete.js",
  "tessdata-spa.traineddata.gz.paquete.js",
  "tessdata-cat.traineddata.gz.paquete.js",
  "tessdata-eus.traineddata.gz.paquete.js",
  "tessdata-eng.traineddata.gz.paquete.js",
  "tessdata-fra.traineddata.gz.paquete.js"
 ],
 "externas": [],
 "consola": []
}
### alt-analizador
{
 "nombre": "faseC-alt-analizador",
 "msArranque": 271,
 "errorArranque": "El analizador no se ha iniciado\nEl worker núcleo incrustado no coincide con su SHA-256 (SHA256_WORKER_NUCLEO): el archivo se ha modificado.\nNo se ha procesado ningún archivo. Corrige la causa indicada y recarga la página.",
 "pwned": null,
 "paquetes": [
  "pdfjs-6.2.108-legacy-pdf.mjs.paquete.js",
  "pdfjs-6.2.108-legacy-pdf.worker.mjs.paquete.js",
  "tesseract-7.0.0.min.js.paquete.js",
  "tesseract-7.0.0-worker.min.js.paquete.js",
  "tesseract-core-7.0.0-simd-lstm.wasm.js.paquete.js",
  "tessdata-spa.traineddata.gz.paquete.js",
  "tessdata-cat.traineddata.gz.paquete.js",
  "tessdata-eus.traineddata.gz.paquete.js",
  "tessdata-eng.traineddata.gz.paquete.js",
  "tessdata-fra.traineddata.gz.paquete.js"
 ],
 "externas": [],
 "consola": []
}
### cola
{
 "nombre": "faseC-cola",
 "msArranque": 1484,
 "errorArranque": null,
 "panelInicial": {
  "resumen": "Idiomas del OCR: Español, Catalán, Euskera, Inglés, Francés",
  "aviso": null,
  "marcados": [
   "spa",
   "cat",
   "eus",
   "eng",
   "fra"
  ]
 },
 "panelFinal": {
  "resumen": "Idiomas del OCR: Español, Catalán, Euskera, Inglés, Francés",
  "aviso": null,
  "marcados": [
   "spa",
   "cat",
   "eus",
   "eng",
   "fra"
  ]
 },
 "documentos": [
  {
   "archivo": "png01_factura.png",
   "estado": "complete",
   "ocr": "complete",
   "idiomas": [
    "spa",
    "cat",
    "eus",
    "eng",
    "fra"
   ],
   "total": 1639.07,
   "texto": "",
   "avisos": [
    "OCR_GRID_REMOVED: Antes del OCR se borraron las líneas de la cuadrícula (10 tramo(s) horizontal(es) y 10 vertical(es)) para que no se confundan con letras; las líneas verticales se usan para separar las columnas. El ar",
    "OCR_TABLES_RECONSTRUCTED: Se reconstruyeron 1 tabla(s) a partir de la posición de las palabras del OCR. Son una inferencia: compruébalas con el documento (la confianza de cada tabla tiene en cuenta la del OCR)."
   ]
  },
  {
   "archivo": "pdfE1_factura_escaneada.pdf",
   "estado": "complete",
   "ocr": "complete",
   "idiomas": [
    "spa",
    "cat",
    "eus",
    "eng",
    "fra"
   ],
   "total": 1639.07,
   "texto": "",
   "avisos": [
    "OCR_TABLES_RECONSTRUCTED: Se reconstruyeron 1 tabla(s) a partir de la posición de las palabras del OCR. Son una inferencia: compruébalas con el documento (la confianza de cada tabla tiene en cuenta la del OCR).",
    "OCR_GRID_REMOVED: Antes del OCR se borraron las líneas de la cuadrícula de las tablas para que no se confundan con letras (página(s) 1). El archivo original no se modifica."
   ]
  },
  {
   "archivo": "pdf01_factura_reportlab.pdf",
   "estado": "complete",
   "ocr": "not-needed",
   "idiomas": null,
   "total": 1639.07,
   "texto": "",
   "avisos": [
    "PDF_TABLES_GEOMETRIC_HEURISTIC: Se detectaron 1 tabla(s) mediante alineación geométrica de texto PDF.js."
   ]
  },
  {
   "archivo": "png04_libro_emitidas.png",
   "estado": "complete",
   "ocr": "complete",
   "idiomas": [
    "spa",
    "cat",
    "eus",
    "eng",
    "fra"
   ],
   "total": null,
   "texto": "",
   "avisos": [
    "OCR_GRID_REMOVED: Antes del OCR se borraron las líneas de la cuadrícula (28 tramo(s) horizontal(es) y 20 vertical(es)) para que no se confundan con letras; las líneas verticales se usan para separar las columnas. El ar",
    "OCR_TABLES_RECONSTRUCTED: Se reconstruyeron 1 tabla(s) a partir de la posición de las palabras del OCR. Son una inferencia: compruébalas con el documento (la confianza de cada tabla tiene en cuenta la del OCR)."
   ]
  }
 ],
 "pwned": null,
 "paquetes": [
  "pdfjs-6.2.108-legacy-pdf.mjs.paquete.js",
  "pdfjs-6.2.108-legacy-pdf.worker.mjs.paquete.js",
  "tesseract-7.0.0.min.js.paquete.js",
  "tesseract-7.0.0-worker.min.js.paquete.js",
  "tesseract-core-7.0.0-simd-lstm.wasm.js.paquete.js",
  "tessdata-spa.traineddata.gz.paquete.js",
  "tessdata-cat.traineddata.gz.paquete.js",
  "tessdata-eus.traineddata.gz.paquete.js",
  "tessdata-eng.traineddata.gz.paquete.js",
  "tessdata-fra.traineddata.gz.paquete.js",
  "pdfjs-6.2.108-legacy-fuentes.paquete.js"
 ],
 "externas": [],
 "consola": []
}
### nav-sin-simd
{
 "nombre": "faseC-nav-sin-simd",
 "msArranque": 1495,
 "errorArranque": null,
 "panelInicial": {
  "resumen": "Idiomas del OCR: Español, Catalán, Euskera, Inglés, Francés",
  "aviso": null,
  "marcados": [
   "spa",
   "cat",
   "eus",
   "eng",
   "fra"
  ]
 },
 "panelFinal": {
  "resumen": "Idiomas del OCR: Español, Catalán, Euskera, Inglés, Francés",
  "aviso": null,
  "marcados": [
   "spa",
   "cat",
   "eus",
   "eng",
   "fra"
  ]
 },
 "documentos": [
  {
   "archivo": "png04_libro_emitidas.png",
   "estado": "complete",
   "ocr": "complete",
   "idiomas": [
    "spa",
    "cat",
    "eus",
    "eng",
    "fra"
   ],
   "total": null,
   "texto": "",
   "avisos": [
    "OCR_GRID_REMOVED: Antes del OCR se borraron las líneas de la cuadrícula (28 tramo(s) horizontal(es) y 20 vertical(es)) para que no se confundan con letras; las líneas verticales se usan para separar las columnas. El ar",
    "OCR_TABLES_RECONSTRUCTED: Se reconstruyeron 1 tabla(s) a partir de la posición de las palabras del OCR. Son una inferencia: compruébalas con el documento (la confianza de cada tabla tiene en cuenta la del OCR)."
   ]
  }
 ],
 "pwned": null,
 "paquetes": [
  "pdfjs-6.2.108-legacy-pdf.mjs.paquete.js",
  "pdfjs-6.2.108-legacy-pdf.worker.mjs.paquete.js",
  "tesseract-7.0.0.min.js.paquete.js",
  "tesseract-7.0.0-worker.min.js.paquete.js",
  "tesseract-core-7.0.0-simd-lstm.wasm.js.paquete.js",
  "tessdata-spa.traineddata.gz.paquete.js",
  "tessdata-cat.traineddata.gz.paquete.js",
  "tessdata-eus.traineddata.gz.paquete.js",
  "tessdata-eng.traineddata.gz.paquete.js",
  "tessdata-fra.traineddata.gz.paquete.js",
  "tesseract-core-7.0.0-lstm.wasm.js.paquete.js"
 ],
 "externas": [],
 "consola": []
}
### sin-ocr
{
 "nombre": "faseC-sin-ocr",
 "msArranque": 256,
 "errorArranque": null,
 "panelInicial": {
  "resumen": "OCR (imágenes y PDF escaneados): desactivado",
  "aviso": null,
  "marcados": []
 },
 "panelFinal": {
  "resumen": "OCR (imágenes y PDF escaneados): desactivado",
  "aviso": null,
  "marcados": []
 },
 "documentos": [
  {
   "archivo": "png01_factura.png",
   "estado": "partial",
   "ocr": "not-requested",
   "idiomas": null,
   "total": null,
   "texto": "",
   "avisos": [
    "IMAGE_OCR_DISABLED: El OCR está desactivado: no se ha leído el texto de la imagen y su contenido no está incluido."
   ]
  },
  {
   "archivo": "pdfE1_factura_escaneada.pdf",
   "estado": "partial",
   "ocr": "not-requested",
   "idiomas": null,
   "total": null,
   "texto": "",
   "avisos": [
    "PDF_PAGE_WITHOUT_TEXT: La página 1 no tiene texto digital suficiente y el OCR está desactivado; su contenido puede no estar incluido."
   ]
  },
  {
   "archivo": "pdf01_factura_reportlab.pdf",
   "estado": "complete",
   "ocr": "not-requested",
   "idiomas": null,
   "total": 1639.07,
   "texto": "",
   "avisos": [
    "PDF_TABLES_GEOMETRIC_HEURISTIC: Se detectaron 1 tabla(s) mediante alineación geométrica de texto PDF.js."
   ]
  },
  {
   "archivo": "png04_libro_emitidas.png",
   "estado": "partial",
   "ocr": "not-requested",
   "idiomas": null,
   "total": null,
   "texto": "",
   "avisos": [
    "IMAGE_OCR_DISABLED: El OCR está desactivado: no se ha leído el texto de la imagen y su contenido no está incluido."
   ]
  },
  {
   "archivo": "pdf09_mixto_sello_digital_mas_imagen.pdf",
   "estado": "partial",
   "ocr": "not-requested",
   "idiomas": null,
   "total": null,
   "texto": "",
   "avisos": [
    "PDF_PAGE_IMAGE_WITHOUT_OCR: La página 1 tiene una imagen que ocupa el 38 % de la página y casi no tiene texto digital (p. ej., un escaneo con un sello o un CSV añadido). Con el OCR desactivado, el contenido de la imagen no está "
   ]
  }
 ],
 "pwned": null,
 "paquetes": [
  "pdfjs-6.2.108-legacy-pdf.mjs.paquete.js",
  "pdfjs-6.2.108-legacy-pdf.worker.mjs.paquete.js",
  "pdfjs-6.2.108-legacy-fuentes.paquete.js"
 ],
 "externas": [],
 "consola": []
}
### demo
{
 "sinArrancarVisible": false,
 "origen": "Abierto como archivo local (sin servidor)",
 "segundos": 1.4,
 "mensaje": "Listo: 16 línea(s) en 1 s · confianza media 91 %.",
 "motor": "Motor OCR: Tesseract.js local · español (spa) · verificado",
 "texto": "Número de factura: A-2025/0157\nFecha de expedición: 14/03/2025\nEmisor: Construcciones Muñoz Ibáñez, S.L.\nNIF emisor: B12345674\nDomicilio: C/ Mayor 12, 28013 Madrid\nCliente: Talleres Peña Gutiérrez, S.A.\nNIF cliente: A58818501\nDomicilio cliente: Avda. de la Constitución 45, 41001 Sevilla\n[cometo | Cantidad] — precio] importe]\nReparación de cubierta 850,00 850,00\nSustitución de canalón (m) 32,05 384",
 "redResumen": "0 recurso(s) pedidos por la página · peticiones externas: 0 · intentos bloqueados por la CSP: 0 · abierta como archivo: los archivos locales no figuran en esta lista; la CSP (connect-src 'none') impide cualquier petición de red",
 "csp": "",
 "peticiones": [
  "file://…/base/demo-ocr.html",
  "file://…/base/demo-ocr.css",
  "file://…/vendor-paquetes/tesseract-7.0.0.min.js.paquete.js",
  "file://…/vendor-paquetes/tesseract-7.0.0-worker.min.js.paquete.js",
  "file://…/vendor-paquetes/tesseract-core-7.0.0-simd-lstm.wasm.js.p",
  "file://…/vendor-paquetes/tessdata-spa.traineddata.gz.paquete.js",
  "file://…/base/analizador-archivos.js",
  "file://…/base/demo-ocr.js",
  "blob:null/9727742f-8b38-4fc2-986b-1ba588eaabb4",
  "blob:null/882a2ee3-a75d-4b32-b5d0-68c1e0caa45c"
 ],
 "consola": []
}
### tiempos
fase B (file://)             [3412,"87 MB",1593,"87 MB",1481,"87 MB",1459,"87 MB",1512,"87 MB"]
fase C (file://)             [1485,"87 MB",1498,"87 MB",1496,"87 MB",1463,"87 MB",1469,"87 MB"]
### memoria
fase B (file://)             antes de GC 87 MB · tras GC 60 MB · cola pendiente: []
fase C (file://)             antes de GC 87 MB · tras GC 60 MB · cola pendiente: []
### FIN
